// Jest Snapshot v1, https://goo.gl/fbAQLP

exports[`renders without crashing 1`] = `
<div
  className="container"
>
  <Card
    expandable={false}
    expanded={null}
    initiallyExpanded={false}
    style={
      Object {
        "flex": "1 1 400px",
        "margin": 10,
        "textAlign": "center",
      }
    }
  >
    <CardTitle
      subtitle="First you need to connect to the other device by entering the Device ID"
      title="Connect & Send"
    />
    <CardText
      style={
        Object {
          "paddingTop": 0,
        }
      }
    >
      <MuiComponent
        connectToRoom={[Function]}
      />
      <MuiComponent
        sendMessage={[Function]}
      />
    </CardText>
  </Card>
  <Card
    expandable={false}
    expanded={null}
    initiallyExpanded={false}
    style={
      Object {
        "flex": "1 1 400px",
        "margin": 10,
        "textAlign": "center",
      }
    }
  >
    <CardTitle
      subtitle="The text you send to and receive from the other device will be shown here"
      title="Received text"
    />
    <CardText>
      <Receive />
    </CardText>
  </Card>
</div>
`;
