// Jest Snapshot v1, https://goo.gl/fbAQLP

exports[`renders without crashing 1`] = `
<div
  id="main"
  style={
    Object {
      "backgroundColor": "#78909c",
      "height": 240,
      "paddingBottom": 10,
    }
  }
>
  <HelmetWrapper
    defer={true}
    encodeSpecialCharacters={true}
  >
    <link
      href="/manifest-v1.json"
      rel="manifest"
    />
  </HelmetWrapper>
  <withRouter(AppHeader) />
  <Status
    status=""
  />
  <Switch>
    <Route
      exact={true}
      path="/"
    >
      <Clipboard
        connectedToRoom={null}
        messages={Array []}
        ownRoomNumber={null}
        usersInRoom={0}
      />
    </Route>
    <Route
      path="/index.html"
    >
      <Clipboard
        connectedToRoom={null}
        messages={Array []}
        ownRoomNumber={null}
        usersInRoom={0}
      />
    </Route>
    <Route
      path="/about.html"
    >
      <About />
    </Route>
  </Switch>
  <footer
    style={
      Object {
        "color": "#78909c",
        "margin": 10,
        "paddingLeft": 10,
      }
    }
  >
    <a
      href="https://github.com/TrafeX/clipboard.ninja/blob/master/PRIVACY.md"
      rel="noopener noreferrer"
      style={
        Object {
          "color": "#78909c",
        }
      }
      target="_blank"
    >
      Privacy Policy
    </a>
     - 
    <a
      href="https://github.com/trafex/clipboard.ninja"
      rel="noopener noreferrer"
      style={
        Object {
          "color": "#78909c",
        }
      }
      target="_blank"
    >
      Source on GitHub
    </a>
     - Created by 
    <a
      href="https://www.timdepater.com"
      rel="noopener noreferrer"
      style={
        Object {
          "color": "#78909c",
        }
      }
      target="_blank"
    >
      Tim de Pater
    </a>
  </footer>
</div>
`;
